// Jest Snapshot v1, https://goo.gl/fbAQLP

exports[`App should render app 1`] = `
<div
  className="app"
>
  <Menu
    menuItems={
      Array [
        Object {
          "id": Array [],
          "image": "/film-solid.png",
          "name": "Entertainment",
        },
        Object {
          "id": Array [],
          "image": "/heart-solid.png",
          "name": "Health",
        },
        Object {
          "id": Array [],
          "image": "/map-marker-alt-solid.png",
          "name": "Local News",
        },
        Object {
          "id": Array [],
          "image": "/atom-solid.png",
          "name": "Science",
        },
        Object {
          "id": Array [],
          "image": "/cogs-solid.png",
          "name": "Technology",
        },
      ]
    }
    setTopic={[Function]}
  />
  <section
    className="main"
  >
    <SearchForm
      filterArticles={[Function]}
    />
    <NewsContainer
      articleList={Array []}
    />
  </section>
</div>
`;
